// Jest Snapshot v1, https://goo.gl/fbAQLP

exports[`Quote component should match snapshot 1`] = `
<DocumentFragment>
  <div
    class="quote"
  >
    Loading...
  </div>
</DocumentFragment>
`;
